// Jest Snapshot v1, https://goo.gl/fbAQLP

exports[`<Home /> shold render the heading 1`] = `
<h1>
  Home
</h1>
`
